> Task :compileJava UP-TO-DATE
> Task :processResources UP-TO-DATE
> Task :classes UP-TO-DATE

> Task :run
[32mINFO  [main] [Cooja.java:1145] - Loading /home/linchen/iot-privacy-project/cooja_overhead_runs/seed_123/dummy_adaptive_ldp/dummy_adaptive_ldp_seed_123.csc random seed: 123[0;39m
> make -j24 udp-server.cooja TARGET=cooja
  LD        build/cooja/udp-server.cooja
> make -j24 udp-client-mix-adaptive.cooja TARGET=cooja
  LD        build/cooja/udp-client-mix-adaptive.cooja
[32mINFO  [main] [LogScriptEngine.java:231] - Script timeout in 1860000 ms[0;39m
[32mINFO  [sim] [LogScriptEngine.java:320] -  5% completed,  3.6 sec remaining[0;39m
[32mINFO  [sim] [LogScriptEngine.java:320] - 10% completed,  2.8 sec remaining[0;39m
[32mINFO  [sim] [LogScriptEngine.java:320] - 15% completed,  2.2 sec remaining[0;39m
[32mINFO  [sim] [LogScriptEngine.java:320] - 20% completed,  1.9 sec remaining[0;39m
[32mINFO  [sim] [LogScriptEngine.java:320] - 25% completed,  1.7 sec remaining[0;39m
[32mINFO  [sim] [LogScriptEngine.java:320] - 30% completed,  1.5 sec remaining[0;39m
[32mINFO  [sim] [LogScriptEngine.java:320] - 35% completed,  1.4 sec remaining[0;39m
[32mINFO  [sim] [LogScriptEngine.java:320] - 40% completed,  1.2 sec remaining[0;39m
[32mINFO  [sim] [LogScriptEngine.java:320] - 45% completed,  1.1 sec remaining[0;39m
[32mINFO  [sim] [LogScriptEngine.java:320] - 50% completed,  1.0 sec remaining[0;39m
[32mINFO  [sim] [LogScriptEngine.java:320] - 55% completed,  0.8 sec remaining[0;39m
[32mINFO  [sim] [LogScriptEngine.java:320] - 60% completed,  0.7 sec remaining[0;39m
[32mINFO  [sim] [LogScriptEngine.java:320] - 65% completed,  0.6 sec remaining[0;39m
[32mINFO  [sim] [LogScriptEngine.java:320] - 70% completed,  0.5 sec remaining[0;39m
[32mINFO  [sim] [LogScriptEngine.java:320] - 75% completed,  0.4 sec remaining[0;39m
[32mINFO  [sim] [LogScriptEngine.java:320] - 80% completed,  0.3 sec remaining[0;39m
[32mINFO  [sim] [LogScriptEngine.java:320] - 85% completed,  0.2 sec remaining[0;39m
[32mINFO  [sim] [LogScriptEngine.java:320] - 90% completed,  0.2 sec remaining[0;39m
[32mINFO  [sim] [LogScriptEngine.java:320] - 95% completed,  0.1 sec remaining[0;39m
[32mINFO  [sim] [Simulation.java:450] - Runtime: 1522 ms. Simulated time: 1800005 ms. Speedup: 1182.6576872536136[0;39m
[32mINFO  [main] [Cooja.java:1171] - TEST OK
[0;39m

BUILD SUCCESSFUL in 3s
3 actionable tasks: 1 executed, 2 up-to-date
